
<!DOCTYPE html>
<html>
  <head>
    <meta charset="utf-8">
    <title>NHL Points Expected</title>
    <script src="http://d3js.org/d3.v3.min.js" charset="utf-8"></script>
	<style type="text/css">
      .axis text{
          font-family:sans-serif;
          font-size:11\px;
      }
      .axis path,
      .axis line{
        fill:none;
        stroke:gray;
        shape-rendering: crisp-edges;
      }
</style>
  </head>
  <body>
		<h3>NHL Points Expected</h3>

    <script>

      var width = 1500;
      var height = 1500;
	  
	  var margins = {top:20, bottom:60, left:45, right:20}
	  
	  var chartWidth = width - margins.left - margins.right;
	  var chartHeight = height - margins.top - margins.bottom;

      // this creates a new function. We can call it with out data values and it will return the
      // transformed value
      // here we are setting the range (output values)
	  var yScale = d3.scale.linear().range([chartHeight, 0]);
	  var xScale = d3.scale.linear().range([chartWidth, 0]);
	  var rScale = d3.scale.sqrt().range([2, 15]);

      d3.json("expected_points.json", function(dataset){
		console.log(dataset);
		dataset = dataset.data
		console.log(dataset)

        // once we have the data, we can set the domain based on the values of the metric we are
        // intersted in
        // note the use of d3.max() to find the largest value for this dimension
		
		xScale.domain([d3.max(dataset, function(d){return +d.Games_Played;}), 0]);
		yScale.domain([0, d3.max(dataset, function(d){return +d.Points;})]);
		
		var svg = d3.select('body')
          .append('svg')
          .attr({width:width, height:height});

		var chart = svg.append("g").
          attr("transform","translate("+margins.left + "," + margins.top + ")");
			
        chart.selectAll('circle')
          .data(dataset)
          .enter()
          .append('circle')
          .attr({cx: function(d){return xScale(+d.Games_Played);},
                  cy: function(d){return yScale(+d.Points);}, // example of calling the scale function
                r: 2});
				
		var yAxis = d3.svg.axis()
            .scale(yScale)
            .orient("left");

            // for the y axis, we need to rotate the text
            // the x and y are with respect to the rotated origin...
        chart.append("g")
			.attr("class","axis")
			.call(yAxis)
			.append("text")
			.attr({
			  "x":-chartHeight/2,
			  "y":3 * -margins.left/4,
			  "text-anchor":"middle",
			  "transform" : "rotate(-90)"
			})
			.text("Points");
	
	var xAxis = d3.svg.axis()
		.scale(xScale)
		.orient("bottom");
		
	chart.append("g")
		.attr("class", "axis")
		.attr("transform", "translate(0, " + (chartHeight - 10) + ")")
		.call(xAxis)
		.append("text")
		.attr({
            "x":chartWidth/2,
            "y":margins.bottom/2,
            "text-anchor":"middle" // set so the (x,y) of the text is in the middle bottom
          })
		  .text("Games Played");

				
});

    </script>
  </body>
</html>


